Unlocking working directory.
Building DAG of jobs...
Using shell: /usr/bin/bash
Provided cores: 2
Rules claiming more threads will be scaled down.
Job stats:
job                           count
--------------------------  -------
aifeynman                         1
all                               1
dso                               1
integrate_and_plot_results        1
kan                               1
plot_methods                      1
pysindy                           1
pysr                              1
total                             8

Select jobs to execute...

[Mon Oct 28 18:41:56 2024]
rule kan:
    input: data/datasets/dynamic_merged.csv
    output: data/results/formula_kan_dynamic.txt, data/temp_results/temp_formula_kan_dynamic.txt
    jobid: 4
    reason: Missing output files: data/results/formula_kan_dynamic.txt
    resources: tmpdir=/tmp/slurm_11174093

Activating conda environment: .snakemake/conda/4c6568f73090a38dfd288a52edaba91a_

[Mon Oct 28 18:41:56 2024]
rule dso:
    input: data/datasets/dynamic_merged.csv
    output: data/results/formula_dso_dynamic.txt, data/temp_results/dso_ExperimnetName_0_hof.csv
    jobid: 3
    reason: Missing output files: data/results/formula_dso_dynamic.txt
    resources: tmpdir=/tmp/slurm_11174093

Activating conda environment: .snakemake/conda/976091cd853f4fdeb35eacb8fdde58f9_
  Running command git clone --filter=blob:none -q https://github.com/dso-org/deep-symbolic-optimization.git /tmp/slurm_11174093/pip-install-ba2m1suj/dso_f109c662b0514c5dae0c43c3918e0cf3
Traceback (most recent call last):
  File "<string>", line 1, in <module>
  File "/nemo/lab/froehlichf/home/users/pomeret/symbolic_regression_signalling/.snakemake/conda/976091cd853f4fdeb35eacb8fdde58f9_/lib/python3.6/site-packages/dso/__init__.py", line 1, in <module>
    from dso.core import DeepSymbolicOptimizer
  File "/nemo/lab/froehlichf/home/users/pomeret/symbolic_regression_signalling/.snakemake/conda/976091cd853f4fdeb35eacb8fdde58f9_/lib/python3.6/site-packages/dso/core.py", line 18, in <module>
    from dso.task import set_task
ModuleNotFoundError: No module named 'dso.task'
[Mon Oct 28 18:42:51 2024]
Error in rule dso:
    jobid: 3
    input: data/datasets/dynamic_merged.csv
    output: data/results/formula_dso_dynamic.txt, data/temp_results/dso_ExperimnetName_0_hof.csv
    conda-env: /nemo/lab/froehlichf/home/users/pomeret/symbolic_regression_signalling/.snakemake/conda/976091cd853f4fdeb35eacb8fdde58f9_
    shell:
        
        # Install the DSO model from the GitHub repository 
        pip install absl-py==0.7.0
        pip install numpy==1.18
        pip install --no-deps "git+https://github.com/dso-org/deep-symbolic-optimization.git@master#egg=dso&subdirectory=dso/"
        python -c "from dso.task import set_task"
        # Run the DSO model with a timeout using the 'timeout' command
        timeout 600 python src/sr_models/dso_model.py --dataset data/datasets/dynamic_merged.csv --dataset_size 10000 --features k_off,k_D,k_cat,tK,P_u,k_inact --temp_file data/temp_results/dso_ExperimnetName_0_hof.csv || true

        # get the best formula specific to DSO from the temporary file
        python src/get_best_formula.py --hall_of_fame data/temp_results/dso_ExperimnetName_0_hof.csv --save data/results/formula_dso_dynamic.txt --method dso
        
        (one of the commands exited with non-zero exit code; note that snakemake uses bash strict mode!)

KAN Model Training Progress:   0%|          | 0/3 [00:00<?, ?it/s]
description:   0%|                                                           | 0/20 [00:00<?, ?it/s][Adescription:   0%|                                                           | 0/20 [00:00<?, ?it/s]
KAN Model Training Progress:   0%|          | 0/3 [00:00<?, ?it/s]
Traceback (most recent call last):
  File "/nemo/lab/froehlichf/home/users/pomeret/symbolic_regression_signalling/src/sr_models/kan_model.py", line 121, in <module>
    main()
  File "/nemo/lab/froehlichf/home/users/pomeret/symbolic_regression_signalling/src/sr_models/kan_model.py", line 118, in main
    find_best_formula(data, args.temp_file)
  File "/nemo/lab/froehlichf/home/users/pomeret/symbolic_regression_signalling/src/sr_models/kan_model.py", line 93, in find_best_formula
    model.fit(dataset_dict, 
  File "/nemo/lab/froehlichf/home/users/pomeret/symbolic_regression_signalling/.snakemake/conda/4c6568f73090a38dfd288a52edaba91a_/lib/python3.9/site-packages/kan/MultKAN.py", line 1562, in fit
    results['train_loss'].append(torch.sqrt(train_loss).cpu().detach().numpy())
NameError: name 'train_loss' is not defined
Waiting at most 5 seconds for missing files.
MissingOutputException in rule kan in file /nemo/lab/froehlichf/home/users/pomeret/symbolic_regression_signalling/Snakefile, line 104:
Job 4  completed successfully, but some output files are missing. Missing files after 5 seconds. This might be due to filesystem latency. If that is the case, consider to increase the wait time with --latency-wait:
data/results/formula_kan_dynamic.txt
data/temp_results/temp_formula_kan_dynamic.txt
Shutting down, this might take some time.
Exiting because a job execution failed. Look above for error message
Complete log: .snakemake/log/2024-10-28T184148.881591.snakemake.log
